// Jest Snapshot v1, https://goo.gl/fbAQLP

exports[`<MainApp /> renders the <layout /> components 1`] = `ShallowWrapper {}`;
